[   11565ms] [INFO] %cDownload the React DevTools for a better development experience: https://react.dev/link/react-devtools font-weight:bold @ http://localhost:3100/_next/static/chunks/node_modules_next_dist_7a8122d0._.js:2287
[   11743ms] [LOG] [HMR] connected @ http://localhost:3100/_next/static/chunks/node_modules_next_dist_7a8122d0._.js:2287
[   11936ms] [LOG] [Fast Refresh] rebuilding @ http://localhost:3100/_next/static/chunks/node_modules_next_dist_7a8122d0._.js:2287
[   11937ms] [LOG] [Fast Refresh] done in 160ms @ http://localhost:3100/_next/static/chunks/node_modules_next_dist_7a8122d0._.js:2287
[   12041ms] [ERROR] Loading the script 'https://va.vercel-scripts.com/v1/script.debug.js' violates the following Content Security Policy directive: "script-src 'self' 'unsafe-inline' 'unsafe-eval' https://maps.googleapis.com https://maps.gstatic.com". Note that 'script-src-elem' was not explicitly set, so 'script-src' is used as a fallback. The action has been blocked. @ http://localhost:3100/_next/static/chunks/node_modules_19575493._.js:1446
[   12137ms] [ERROR] Loading the script 'https://va.vercel-scripts.com/v1/speed-insights/script.debug.js' violates the following Content Security Policy directive: "script-src 'self' 'unsafe-inline' 'unsafe-eval' https://maps.googleapis.com https://maps.gstatic.com". Note that 'script-src-elem' was not explicitly set, so 'script-src' is used as a fallback. The action has been blocked. @ http://localhost:3100/_next/static/chunks/node_modules_19575493._.js:3565
[   12137ms] [LOG] [Vercel Web Analytics] Failed to load script from https://va.vercel-scripts.com/v1/script.debug.js. Please check if any ad blockers are enabled and try again. @ http://localhost:3100/_next/static/chunks/node_modules_next_dist_7a8122d0._.js:2287
[   12139ms] [LOG] [Vercel Speed Insights] Failed to load script from https://va.vercel-scripts.com/v1/speed-insights/script.debug.js. Please check if any content blockers are enabled and try again. @ http://localhost:3100/_next/static/chunks/node_modules_next_dist_7a8122d0._.js:2287
[   70462ms] [LOG] [Fast Refresh] rebuilding @ http://localhost:3100/_next/static/chunks/node_modules_next_dist_7a8122d0._.js:2287
[   70610ms] [LOG] [Fast Refresh] done in 253ms @ http://localhost:3100/_next/static/chunks/node_modules_next_dist_7a8122d0._.js:2287
[   90003ms] [LOG] [Fast Refresh] rebuilding @ http://localhost:3100/_next/static/chunks/node_modules_next_dist_7a8122d0._.js:2287
[   90136ms] [LOG] [Fast Refresh] done in 237ms @ http://localhost:3100/_next/static/chunks/node_modules_next_dist_7a8122d0._.js:2287
[  179437ms] [LOG] [Fast Refresh] rebuilding @ http://localhost:3100/_next/static/chunks/node_modules_next_dist_7a8122d0._.js:2287
[  179692ms] [LOG] [Fast Refresh] done in 243ms @ http://localhost:3100/_next/static/chunks/node_modules_next_dist_7a8122d0._.js:2287
[  332148ms] [LOG] [Fast Refresh] rebuilding @ http://localhost:3100/_next/static/chunks/node_modules_next_dist_7a8122d0._.js:2287
[  333042ms] [INFO] %cDownload the React DevTools for a better development experience: https://react.dev/link/react-devtools font-weight:bold @ http://localhost:3100/_next/static/chunks/node_modules_next_dist_7a8122d0._.js:2287
[  333099ms] [LOG] [HMR] connected @ http://localhost:3100/_next/static/chunks/node_modules_next_dist_7a8122d0._.js:2287
[  333212ms] [ERROR] Loading the script 'https://va.vercel-scripts.com/v1/script.debug.js' violates the following Content Security Policy directive: "script-src 'self' 'unsafe-inline' 'unsafe-eval' https://maps.googleapis.com https://maps.gstatic.com". Note that 'script-src-elem' was not explicitly set, so 'script-src' is used as a fallback. The action has been blocked. @ http://localhost:3100/_next/static/chunks/node_modules_19575493._.js:1446
[  333240ms] [LOG] [Vercel Web Analytics] Failed to load script from https://va.vercel-scripts.com/v1/script.debug.js. Please check if any ad blockers are enabled and try again. @ http://localhost:3100/_next/static/chunks/node_modules_next_dist_7a8122d0._.js:2287
[  333281ms] [ERROR] Loading the script 'https://va.vercel-scripts.com/v1/speed-insights/script.debug.js' violates the following Content Security Policy directive: "script-src 'self' 'unsafe-inline' 'unsafe-eval' https://maps.googleapis.com https://maps.gstatic.com". Note that 'script-src-elem' was not explicitly set, so 'script-src' is used as a fallback. The action has been blocked. @ http://localhost:3100/_next/static/chunks/node_modules_19575493._.js:3565
[  333283ms] [LOG] [Vercel Speed Insights] Failed to load script from https://va.vercel-scripts.com/v1/speed-insights/script.debug.js. Please check if any content blockers are enabled and try again. @ http://localhost:3100/_next/static/chunks/node_modules_next_dist_7a8122d0._.js:2287
[  385770ms] [LOG] [Fast Refresh] rebuilding @ http://localhost:3100/_next/static/chunks/node_modules_next_dist_7a8122d0._.js:2287
[  386138ms] [LOG] [Fast Refresh] done in 440ms @ http://localhost:3100/_next/static/chunks/node_modules_next_dist_7a8122d0._.js:2287
[  451112ms] [LOG] [Fast Refresh] rebuilding @ http://localhost:3100/_next/static/chunks/node_modules_next_dist_7a8122d0._.js:2287
[  451357ms] [LOG] [Fast Refresh] done in 315ms @ http://localhost:3100/_next/static/chunks/node_modules_next_dist_7a8122d0._.js:2287
[  454259ms] [LOG] [Fast Refresh] rebuilding @ http://localhost:3100/_next/static/chunks/node_modules_next_dist_7a8122d0._.js:2287
[  454422ms] [LOG] [Fast Refresh] done in 274ms @ http://localhost:3100/_next/static/chunks/node_modules_next_dist_7a8122d0._.js:2287
[  454527ms] [INFO] %cDownload the React DevTools for a better development experience: https://react.dev/link/react-devtools font-weight:bold @ http://localhost:3100/_next/static/chunks/node_modules_next_dist_7a8122d0._.js:2287
[  454570ms] [LOG] [HMR] connected @ http://localhost:3100/_next/static/chunks/node_modules_next_dist_7a8122d0._.js:2287
[  454742ms] [ERROR] Loading the script 'https://va.vercel-scripts.com/v1/script.debug.js' violates the following Content Security Policy directive: "script-src 'self' 'unsafe-inline' 'unsafe-eval' https://maps.googleapis.com https://maps.gstatic.com". Note that 'script-src-elem' was not explicitly set, so 'script-src' is used as a fallback. The action has been blocked. @ http://localhost:3100/_next/static/chunks/node_modules_19575493._.js:1446
[  454769ms] [LOG] [Vercel Web Analytics] Failed to load script from https://va.vercel-scripts.com/v1/script.debug.js. Please check if any ad blockers are enabled and try again. @ http://localhost:3100/_next/static/chunks/node_modules_next_dist_7a8122d0._.js:2287
[  454803ms] [ERROR] Loading the script 'https://va.vercel-scripts.com/v1/speed-insights/script.debug.js' violates the following Content Security Policy directive: "script-src 'self' 'unsafe-inline' 'unsafe-eval' https://maps.googleapis.com https://maps.gstatic.com". Note that 'script-src-elem' was not explicitly set, so 'script-src' is used as a fallback. The action has been blocked. @ http://localhost:3100/_next/static/chunks/node_modules_19575493._.js:3565
[  454804ms] [LOG] [Vercel Speed Insights] Failed to load script from https://va.vercel-scripts.com/v1/speed-insights/script.debug.js. Please check if any content blockers are enabled and try again. @ http://localhost:3100/_next/static/chunks/node_modules_next_dist_7a8122d0._.js:2287
[  456929ms] [LOG] [Fast Refresh] rebuilding @ http://localhost:3100/_next/static/chunks/node_modules_next_dist_7a8122d0._.js:2287
[  457050ms] [LOG] [Fast Refresh] done in 228ms @ http://localhost:3100/_next/static/chunks/node_modules_next_dist_7a8122d0._.js:2287
[  550922ms] [LOG] [Fast Refresh] rebuilding @ http://localhost:3100/_next/static/chunks/node_modules_next_dist_7a8122d0._.js:2287
[  550975ms] [LOG] [Fast Refresh] done in 165ms @ http://localhost:3100/_next/static/chunks/node_modules_next_dist_7a8122d0._.js:2287
[  551351ms] [LOG] [Fast Refresh] rebuilding @ http://localhost:3100/_next/static/chunks/node_modules_next_dist_7a8122d0._.js:2287
[  551477ms] [LOG] [Fast Refresh] done in 227ms @ http://localhost:3100/_next/static/chunks/node_modules_next_dist_7a8122d0._.js:2287
[  659296ms] [LOG] [Fast Refresh] rebuilding @ http://localhost:3100/_next/static/chunks/node_modules_next_dist_7a8122d0._.js:2287
[  659553ms] [ERROR] ./components/landing/PricingSection.tsx:158:23
Parsing ecmascript source code failed
  156 |
  157 |                         </div>
> 158 |                     ))}
      |                       ^
  159 |                 </div>
  160 |
  161 |                 <p className="mt-10 text-center text-sm text-muted-foreground">

Unexpected token. Did you mean `{'}'}` or `&rbrace;`?

Import trace:
  Server Component:
    ./components/landing/PricingSection.tsx
    ./app/(marketing)/page.tsx @ http://localhost:3100/_next/static/chunks/node_modules_next_dist_7a8122d0._.js:3117
[  709165ms] [LOG] [Fast Refresh] rebuilding @ http://localhost:3100/_next/static/chunks/node_modules_next_dist_7a8122d0._.js:2287
[  709420ms] [LOG] [Fast Refresh] done in 257ms @ http://localhost:3100/_next/static/chunks/node_modules_next_dist_7a8122d0._.js:2287
[  709559ms] [WARNING] Image with src "/logo-sm.png" has either width or height modified, but not the other. If you use CSS to change the size of your image, also include the styles 'width: "auto"' or 'height: "auto"' to maintain the aspect ratio. @ http://localhost:3100/_next/static/chunks/node_modules_next_dist_7a8122d0._.js:2287
[  709783ms] [LOG] [Fast Refresh] rebuilding @ http://localhost:3100/_next/static/chunks/node_modules_next_dist_7a8122d0._.js:2287
[  709915ms] [LOG] [Fast Refresh] done in 240ms @ http://localhost:3100/_next/static/chunks/node_modules_next_dist_7a8122d0._.js:2287
[  711705ms] [LOG] [Fast Refresh] rebuilding @ http://localhost:3100/_next/static/chunks/node_modules_next_dist_7a8122d0._.js:2287
[  711906ms] [LOG] [Fast Refresh] done in 227ms @ http://localhost:3100/_next/static/chunks/node_modules_next_dist_7a8122d0._.js:2287
[  712089ms] [LOG] [Fast Refresh] rebuilding @ http://localhost:3100/_next/static/chunks/node_modules_next_dist_7a8122d0._.js:2287
[  712236ms] [LOG] [Fast Refresh] done in 252ms @ http://localhost:3100/_next/static/chunks/node_modules_next_dist_7a8122d0._.js:2287
[  729562ms] [LOG] [Fast Refresh] rebuilding @ http://localhost:3100/_next/static/chunks/node_modules_next_dist_7a8122d0._.js:2287
[  729696ms] [LOG] [Fast Refresh] done in 239ms @ http://localhost:3100/_next/static/chunks/node_modules_next_dist_7a8122d0._.js:2287
[  742047ms] [LOG] [Fast Refresh] rebuilding @ http://localhost:3100/_next/static/chunks/node_modules_next_dist_7a8122d0._.js:2287
[  742799ms] [LOG] [Fast Refresh] done in 853ms @ http://localhost:3100/_next/static/chunks/node_modules_next_dist_7a8122d0._.js:2287
[  742902ms] [INFO] %cDownload the React DevTools for a better development experience: https://react.dev/link/react-devtools font-weight:bold @ http://localhost:3100/_next/static/chunks/node_modules_next_dist_7a8122d0._.js:2287
[  742943ms] [LOG] [HMR] connected @ http://localhost:3100/_next/static/chunks/node_modules_next_dist_7a8122d0._.js:2287
[  743037ms] [ERROR] Loading the script 'https://va.vercel-scripts.com/v1/script.debug.js' violates the following Content Security Policy directive: "script-src 'self' 'unsafe-inline' 'unsafe-eval' https://maps.googleapis.com https://maps.gstatic.com". Note that 'script-src-elem' was not explicitly set, so 'script-src' is used as a fallback. The action has been blocked. @ http://localhost:3100/_next/static/chunks/node_modules_19575493._.js:1446
[  743107ms] [WARNING] Image with src "/logo-sm.png" has either width or height modified, but not the other. If you use CSS to change the size of your image, also include the styles 'width: "auto"' or 'height: "auto"' to maintain the aspect ratio. @ http://localhost:3100/_next/static/chunks/node_modules_next_dist_7a8122d0._.js:2287
[  743108ms] [ERROR] Loading the script 'https://va.vercel-scripts.com/v1/speed-insights/script.debug.js' violates the following Content Security Policy directive: "script-src 'self' 'unsafe-inline' 'unsafe-eval' https://maps.googleapis.com https://maps.gstatic.com". Note that 'script-src-elem' was not explicitly set, so 'script-src' is used as a fallback. The action has been blocked. @ http://localhost:3100/_next/static/chunks/node_modules_19575493._.js:3565
[  743111ms] [LOG] [Vercel Web Analytics] Failed to load script from https://va.vercel-scripts.com/v1/script.debug.js. Please check if any ad blockers are enabled and try again. @ http://localhost:3100/_next/static/chunks/node_modules_next_dist_7a8122d0._.js:2287
[  743112ms] [LOG] [Vercel Speed Insights] Failed to load script from https://va.vercel-scripts.com/v1/speed-insights/script.debug.js. Please check if any content blockers are enabled and try again. @ http://localhost:3100/_next/static/chunks/node_modules_next_dist_7a8122d0._.js:2287
[  743393ms] [LOG] [Fast Refresh] rebuilding @ http://localhost:3100/_next/static/chunks/node_modules_next_dist_7a8122d0._.js:2287
[  743514ms] [LOG] [Fast Refresh] done in 222ms @ http://localhost:3100/_next/static/chunks/node_modules_next_dist_7a8122d0._.js:2287
[  790400ms] [LOG] [Fast Refresh] rebuilding @ http://localhost:3100/_next/static/chunks/node_modules_next_dist_7a8122d0._.js:2287
[  790560ms] [LOG] [Fast Refresh] done in 232ms @ http://localhost:3100/_next/static/chunks/node_modules_next_dist_7a8122d0._.js:2287
[  795200ms] [LOG] [Fast Refresh] rebuilding @ http://localhost:3100/_next/static/chunks/node_modules_next_dist_7a8122d0._.js:2287
[  795330ms] [LOG] [Fast Refresh] done in 235ms @ http://localhost:3100/_next/static/chunks/node_modules_next_dist_7a8122d0._.js:2287
[  795441ms] [LOG] [Fast Refresh] rebuilding @ http://localhost:3100/_next/static/chunks/node_modules_next_dist_7a8122d0._.js:2287
[  795491ms] [LOG] [Fast Refresh] done in 152ms @ http://localhost:3100/_next/static/chunks/node_modules_next_dist_7a8122d0._.js:2287
[  796592ms] [LOG] [Fast Refresh] rebuilding @ http://localhost:3100/_next/static/chunks/node_modules_next_dist_7a8122d0._.js:2287
[  797368ms] [LOG] [Fast Refresh] done in 880ms @ http://localhost:3100/_next/static/chunks/node_modules_next_dist_7a8122d0._.js:2287
[  798894ms] [LOG] [Fast Refresh] rebuilding @ http://localhost:3100/_next/static/chunks/node_modules_next_dist_7a8122d0._.js:2287
[  798939ms] [LOG] [Fast Refresh] done in 157ms @ http://localhost:3100/_next/static/chunks/node_modules_next_dist_7a8122d0._.js:2287
[  799041ms] [LOG] [Fast Refresh] rebuilding @ http://localhost:3100/_next/static/chunks/node_modules_next_dist_7a8122d0._.js:2287
[  799087ms] [LOG] [Fast Refresh] done in 147ms @ http://localhost:3100/_next/static/chunks/node_modules_next_dist_7a8122d0._.js:2287
[  799191ms] [LOG] [Fast Refresh] rebuilding @ http://localhost:3100/_next/static/chunks/node_modules_next_dist_7a8122d0._.js:2287
[  803006ms] [LOG] [Fast Refresh] done in 3918ms @ http://localhost:3100/_next/static/chunks/node_modules_next_dist_7a8122d0._.js:2287
[  803300ms] [LOG] [Fast Refresh] rebuilding @ http://localhost:3100/_next/static/chunks/node_modules_next_dist_7a8122d0._.js:2287
[  803404ms] [LOG] [Fast Refresh] done in 217ms @ http://localhost:3100/_next/static/chunks/node_modules_next_dist_7a8122d0._.js:2287
[  803644ms] [LOG] [Fast Refresh] rebuilding @ http://localhost:3100/_next/static/chunks/node_modules_next_dist_7a8122d0._.js:2287
[  803692ms] [LOG] [Fast Refresh] done in 160ms @ http://localhost:3100/_next/static/chunks/node_modules_next_dist_7a8122d0._.js:2287
[  804898ms] [LOG] [Fast Refresh] rebuilding @ http://localhost:3100/_next/static/chunks/node_modules_next_dist_7a8122d0._.js:2287
[  804923ms] [LOG] [Fast Refresh] done in 126ms @ http://localhost:3100/_next/static/chunks/node_modules_next_dist_7a8122d0._.js:2287
[  805159ms] [LOG] [Fast Refresh] rebuilding @ http://localhost:3100/_next/static/chunks/node_modules_next_dist_7a8122d0._.js:2287
[  805236ms] [LOG] [Fast Refresh] done in 178ms @ http://localhost:3100/_next/static/chunks/node_modules_next_dist_7a8122d0._.js:2287
[  805348ms] [INFO] %cDownload the React DevTools for a better development experience: https://react.dev/link/react-devtools font-weight:bold @ http://localhost:3100/_next/static/chunks/node_modules_next_dist_7a8122d0._.js:2287
[  805389ms] [LOG] [HMR] connected @ http://localhost:3100/_next/static/chunks/node_modules_next_dist_7a8122d0._.js:2287
[  805633ms] [ERROR] Loading the script 'https://va.vercel-scripts.com/v1/script.debug.js' violates the following Content Security Policy directive: "script-src 'self' 'unsafe-inline' 'unsafe-eval' https://maps.googleapis.com https://maps.gstatic.com". Note that 'script-src-elem' was not explicitly set, so 'script-src' is used as a fallback. The action has been blocked. @ http://localhost:3100/_next/static/chunks/node_modules_19575493._.js:1446
[  805692ms] [ERROR] Loading the script 'https://va.vercel-scripts.com/v1/speed-insights/script.debug.js' violates the following Content Security Policy directive: "script-src 'self' 'unsafe-inline' 'unsafe-eval' https://maps.googleapis.com https://maps.gstatic.com". Note that 'script-src-elem' was not explicitly set, so 'script-src' is used as a fallback. The action has been blocked. @ http://localhost:3100/_next/static/chunks/node_modules_19575493._.js:3565
[  805693ms] [LOG] [Vercel Web Analytics] Failed to load script from https://va.vercel-scripts.com/v1/script.debug.js. Please check if any ad blockers are enabled and try again. @ http://localhost:3100/_next/static/chunks/node_modules_next_dist_7a8122d0._.js:2287
[  805695ms] [LOG] [Vercel Speed Insights] Failed to load script from https://va.vercel-scripts.com/v1/speed-insights/script.debug.js. Please check if any content blockers are enabled and try again. @ http://localhost:3100/_next/static/chunks/node_modules_next_dist_7a8122d0._.js:2287
[  805896ms] [INFO] %cDownload the React DevTools for a better development experience: https://react.dev/link/react-devtools font-weight:bold @ http://localhost:3100/_next/static/chunks/node_modules_next_dist_7a8122d0._.js:2287
[  805947ms] [LOG] [HMR] connected @ http://localhost:3100/_next/static/chunks/node_modules_next_dist_7a8122d0._.js:2287
[  806306ms] [LOG] [Fast Refresh] rebuilding @ http://localhost:3100/_next/static/chunks/node_modules_next_dist_7a8122d0._.js:2287
[  806355ms] [LOG] [Fast Refresh] done in 151ms @ http://localhost:3100/_next/static/chunks/node_modules_next_dist_7a8122d0._.js:2287
[  806512ms] [ERROR] Loading the script 'https://va.vercel-scripts.com/v1/script.debug.js' violates the following Content Security Policy directive: "script-src 'self' 'unsafe-inline' 'unsafe-eval' https://maps.googleapis.com https://maps.gstatic.com". Note that 'script-src-elem' was not explicitly set, so 'script-src' is used as a fallback. The action has been blocked. @ http://localhost:3100/_next/static/chunks/node_modules_19575493._.js:1446
[  806544ms] [ERROR] Loading the script 'https://va.vercel-scripts.com/v1/speed-insights/script.debug.js' violates the following Content Security Policy directive: "script-src 'self' 'unsafe-inline' 'unsafe-eval' https://maps.googleapis.com https://maps.gstatic.com". Note that 'script-src-elem' was not explicitly set, so 'script-src' is used as a fallback. The action has been blocked. @ http://localhost:3100/_next/static/chunks/node_modules_19575493._.js:3565
[  806546ms] [LOG] [Vercel Web Analytics] Failed to load script from https://va.vercel-scripts.com/v1/script.debug.js. Please check if any ad blockers are enabled and try again. @ http://localhost:3100/_next/static/chunks/node_modules_next_dist_7a8122d0._.js:2287
[  806546ms] [LOG] [Vercel Speed Insights] Failed to load script from https://va.vercel-scripts.com/v1/speed-insights/script.debug.js. Please check if any content blockers are enabled and try again. @ http://localhost:3100/_next/static/chunks/node_modules_next_dist_7a8122d0._.js:2287
[  806592ms] [WARNING] Image with src "/logo-sm.png" has either width or height modified, but not the other. If you use CSS to change the size of your image, also include the styles 'width: "auto"' or 'height: "auto"' to maintain the aspect ratio. @ http://localhost:3100/_next/static/chunks/node_modules_next_dist_7a8122d0._.js:2287
[  806766ms] [LOG] [Fast Refresh] rebuilding @ http://localhost:3100/_next/static/chunks/node_modules_next_dist_7a8122d0._.js:2287
[  807414ms] [LOG] [Fast Refresh] done in 749ms @ http://localhost:3100/_next/static/chunks/node_modules_next_dist_7a8122d0._.js:2287
[  807523ms] [INFO] %cDownload the React DevTools for a better development experience: https://react.dev/link/react-devtools font-weight:bold @ http://localhost:3100/_next/static/chunks/node_modules_next_dist_7a8122d0._.js:2287
[  807561ms] [LOG] [HMR] connected @ http://localhost:3100/_next/static/chunks/node_modules_next_dist_7a8122d0._.js:2287
[  807706ms] [ERROR] Loading the script 'https://va.vercel-scripts.com/v1/script.debug.js' violates the following Content Security Policy directive: "script-src 'self' 'unsafe-inline' 'unsafe-eval' https://maps.googleapis.com https://maps.gstatic.com". Note that 'script-src-elem' was not explicitly set, so 'script-src' is used as a fallback. The action has been blocked. @ http://localhost:3100/_next/static/chunks/node_modules_19575493._.js:1446
[  807723ms] [LOG] [Fast Refresh] rebuilding @ http://localhost:3100/_next/static/chunks/node_modules_next_dist_7a8122d0._.js:2287
[  807736ms] [LOG] [Fast Refresh] done in 139ms @ http://localhost:3100/_next/static/chunks/node_modules_next_dist_7a8122d0._.js:2287
[  807767ms] [WARNING] Image with src "/logo-sm.png" has either width or height modified, but not the other. If you use CSS to change the size of your image, also include the styles 'width: "auto"' or 'height: "auto"' to maintain the aspect ratio. @ http://localhost:3100/_next/static/chunks/node_modules_next_dist_7a8122d0._.js:2287
[  807789ms] [ERROR] Loading the script 'https://va.vercel-scripts.com/v1/speed-insights/script.debug.js' violates the following Content Security Policy directive: "script-src 'self' 'unsafe-inline' 'unsafe-eval' https://maps.googleapis.com https://maps.gstatic.com". Note that 'script-src-elem' was not explicitly set, so 'script-src' is used as a fallback. The action has been blocked. @ http://localhost:3100/_next/static/chunks/node_modules_19575493._.js:3565
[  807793ms] [LOG] [Vercel Web Analytics] Failed to load script from https://va.vercel-scripts.com/v1/script.debug.js. Please check if any ad blockers are enabled and try again. @ http://localhost:3100/_next/static/chunks/node_modules_next_dist_7a8122d0._.js:2287
[  807796ms] [LOG] [Vercel Speed Insights] Failed to load script from https://va.vercel-scripts.com/v1/speed-insights/script.debug.js. Please check if any content blockers are enabled and try again. @ http://localhost:3100/_next/static/chunks/node_modules_next_dist_7a8122d0._.js:2287
[  807940ms] [LOG] [Fast Refresh] rebuilding @ http://localhost:3100/_next/static/chunks/node_modules_next_dist_7a8122d0._.js:2287
[  808834ms] [LOG] [Fast Refresh] done in 1002ms @ http://localhost:3100/_next/static/chunks/node_modules_next_dist_7a8122d0._.js:2287
[  808959ms] [INFO] %cDownload the React DevTools for a better development experience: https://react.dev/link/react-devtools font-weight:bold @ http://localhost:3100/_next/static/chunks/node_modules_next_dist_7a8122d0._.js:2287
[  808988ms] [LOG] [HMR] connected @ http://localhost:3100/_next/static/chunks/node_modules_next_dist_7a8122d0._.js:2287
[  809121ms] [ERROR] Loading the script 'https://va.vercel-scripts.com/v1/script.debug.js' violates the following Content Security Policy directive: "script-src 'self' 'unsafe-inline' 'unsafe-eval' https://maps.googleapis.com https://maps.gstatic.com". Note that 'script-src-elem' was not explicitly set, so 'script-src' is used as a fallback. The action has been blocked. @ http://localhost:3100/_next/static/chunks/node_modules_19575493._.js:1446
[  809149ms] [LOG] [Fast Refresh] rebuilding @ http://localhost:3100/_next/static/chunks/node_modules_next_dist_7a8122d0._.js:2287
[  809188ms] [WARNING] Image with src "/logo-sm.png" has either width or height modified, but not the other. If you use CSS to change the size of your image, also include the styles 'width: "auto"' or 'height: "auto"' to maintain the aspect ratio. @ http://localhost:3100/_next/static/chunks/node_modules_next_dist_7a8122d0._.js:2287
[  809192ms] [ERROR] Loading the script 'https://va.vercel-scripts.com/v1/speed-insights/script.debug.js' violates the following Content Security Policy directive: "script-src 'self' 'unsafe-inline' 'unsafe-eval' https://maps.googleapis.com https://maps.gstatic.com". Note that 'script-src-elem' was not explicitly set, so 'script-src' is used as a fallback. The action has been blocked. @ http://localhost:3100/_next/static/chunks/node_modules_19575493._.js:3565
[  809193ms] [LOG] [Fast Refresh] done in 157ms @ http://localhost:3100/_next/static/chunks/node_modules_next_dist_7a8122d0._.js:2287
[  809199ms] [LOG] [Vercel Web Analytics] Failed to load script from https://va.vercel-scripts.com/v1/script.debug.js. Please check if any ad blockers are enabled and try again. @ http://localhost:3100/_next/static/chunks/node_modules_next_dist_7a8122d0._.js:2287
[  809199ms] [LOG] [Vercel Speed Insights] Failed to load script from https://va.vercel-scripts.com/v1/speed-insights/script.debug.js. Please check if any content blockers are enabled and try again. @ http://localhost:3100/_next/static/chunks/node_modules_next_dist_7a8122d0._.js:2287
[  809304ms] [LOG] [Fast Refresh] rebuilding @ http://localhost:3100/_next/static/chunks/node_modules_next_dist_7a8122d0._.js:2287
[  809732ms] [LOG] [Fast Refresh] done in 530ms @ http://localhost:3100/_next/static/chunks/node_modules_next_dist_7a8122d0._.js:2287
[  809820ms] [INFO] %cDownload the React DevTools for a better development experience: https://react.dev/link/react-devtools font-weight:bold @ http://localhost:3100/_next/static/chunks/node_modules_next_dist_7a8122d0._.js:2287
[  809849ms] [LOG] [HMR] connected @ http://localhost:3100/_next/static/chunks/node_modules_next_dist_7a8122d0._.js:2287
[  809928ms] [ERROR] Loading the script 'https://va.vercel-scripts.com/v1/script.debug.js' violates the following Content Security Policy directive: "script-src 'self' 'unsafe-inline' 'unsafe-eval' https://maps.googleapis.com https://maps.gstatic.com". Note that 'script-src-elem' was not explicitly set, so 'script-src' is used as a fallback. The action has been blocked. @ http://localhost:3100/_next/static/chunks/node_modules_19575493._.js:1446
[  809978ms] [WARNING] Image with src "/logo-sm.png" has either width or height modified, but not the other. If you use CSS to change the size of your image, also include the styles 'width: "auto"' or 'height: "auto"' to maintain the aspect ratio. @ http://localhost:3100/_next/static/chunks/node_modules_next_dist_7a8122d0._.js:2287
[  810002ms] [LOG] [Vercel Web Analytics] Failed to load script from https://va.vercel-scripts.com/v1/script.debug.js. Please check if any ad blockers are enabled and try again. @ http://localhost:3100/_next/static/chunks/node_modules_next_dist_7a8122d0._.js:2287
[  810463ms] [INFO] %cDownload the React DevTools for a better development experience: https://react.dev/link/react-devtools font-weight:bold @ http://localhost:3100/_next/static/chunks/node_modules_next_dist_7a8122d0._.js:2287
[  810487ms] [LOG] [HMR] connected @ http://localhost:3100/_next/static/chunks/node_modules_next_dist_7a8122d0._.js:2287
[  810670ms] [ERROR] Loading the script 'https://va.vercel-scripts.com/v1/script.debug.js' violates the following Content Security Policy directive: "script-src 'self' 'unsafe-inline' 'unsafe-eval' https://maps.googleapis.com https://maps.gstatic.com". Note that 'script-src-elem' was not explicitly set, so 'script-src' is used as a fallback. The action has been blocked. @ http://localhost:3100/_next/static/chunks/node_modules_19575493._.js:1446
[  810684ms] [WARNING] Image with src "/debbie_headshot.jpg" has "fill" but is missing "sizes" prop. Please add it to improve page performance. Read more: https://nextjs.org/docs/api-reference/next/image#sizes @ http://localhost:3100/_next/static/chunks/node_modules_next_dist_7a8122d0._.js:2287
[  810684ms] [WARNING] Image with src "/haydn.jpg" has "fill" but is missing "sizes" prop. Please add it to improve page performance. Read more: https://nextjs.org/docs/api-reference/next/image#sizes @ http://localhost:3100/_next/static/chunks/node_modules_next_dist_7a8122d0._.js:2287
[  810684ms] [WARNING] Image with src "/pa-real-estate-support.png" has either width or height modified, but not the other. If you use CSS to change the size of your image, also include the styles 'width: "auto"' or 'height: "auto"' to maintain the aspect ratio. @ http://localhost:3100/_next/static/chunks/node_modules_next_dist_7a8122d0._.js:2287
[  810734ms] [WARNING] Image with src "/logo-sm.png" has either width or height modified, but not the other. If you use CSS to change the size of your image, also include the styles 'width: "auto"' or 'height: "auto"' to maintain the aspect ratio. @ http://localhost:3100/_next/static/chunks/node_modules_next_dist_7a8122d0._.js:2287
[  810756ms] [ERROR] Loading the script 'https://va.vercel-scripts.com/v1/speed-insights/script.debug.js' violates the following Content Security Policy directive: "script-src 'self' 'unsafe-inline' 'unsafe-eval' https://maps.googleapis.com https://maps.gstatic.com". Note that 'script-src-elem' was not explicitly set, so 'script-src' is used as a fallback. The action has been blocked. @ http://localhost:3100/_next/static/chunks/node_modules_19575493._.js:3565
[  810776ms] [LOG] [Vercel Web Analytics] Failed to load script from https://va.vercel-scripts.com/v1/script.debug.js. Please check if any ad blockers are enabled and try again. @ http://localhost:3100/_next/static/chunks/node_modules_next_dist_7a8122d0._.js:2287
[  810777ms] [LOG] [Vercel Speed Insights] Failed to load script from https://va.vercel-scripts.com/v1/speed-insights/script.debug.js. Please check if any content blockers are enabled and try again. @ http://localhost:3100/_next/static/chunks/node_modules_next_dist_7a8122d0._.js:2287
[  810885ms] [LOG] [Fast Refresh] rebuilding @ http://localhost:3100/_next/static/chunks/node_modules_next_dist_7a8122d0._.js:2287
[  811834ms] [LOG] [Fast Refresh] done in 1052ms @ http://localhost:3100/_next/static/chunks/node_modules_next_dist_7a8122d0._.js:2287
[  811912ms] [INFO] %cDownload the React DevTools for a better development experience: https://react.dev/link/react-devtools font-weight:bold @ http://localhost:3100/_next/static/chunks/node_modules_next_dist_7a8122d0._.js:2287
[  811952ms] [LOG] [HMR] connected @ http://localhost:3100/_next/static/chunks/node_modules_next_dist_7a8122d0._.js:2287
[  812069ms] [ERROR] Loading the script 'https://va.vercel-scripts.com/v1/script.debug.js' violates the following Content Security Policy directive: "script-src 'self' 'unsafe-inline' 'unsafe-eval' https://maps.googleapis.com https://maps.gstatic.com". Note that 'script-src-elem' was not explicitly set, so 'script-src' is used as a fallback. The action has been blocked. @ http://localhost:3100/_next/static/chunks/node_modules_19575493._.js:1446
[  812089ms] [LOG] [Fast Refresh] rebuilding @ http://localhost:3100/_next/static/chunks/node_modules_next_dist_7a8122d0._.js:2287
[  812122ms] [WARNING] Image with src "/logo-sm.png" has either width or height modified, but not the other. If you use CSS to change the size of your image, also include the styles 'width: "auto"' or 'height: "auto"' to maintain the aspect ratio. @ http://localhost:3100/_next/static/chunks/node_modules_next_dist_7a8122d0._.js:2287
[  812126ms] [ERROR] Loading the script 'https://va.vercel-scripts.com/v1/speed-insights/script.debug.js' violates the following Content Security Policy directive: "script-src 'self' 'unsafe-inline' 'unsafe-eval' https://maps.googleapis.com https://maps.gstatic.com". Note that 'script-src-elem' was not explicitly set, so 'script-src' is used as a fallback. The action has been blocked. @ http://localhost:3100/_next/static/chunks/node_modules_19575493._.js:3565
[  812145ms] [LOG] [Fast Refresh] done in 171ms @ http://localhost:3100/_next/static/chunks/node_modules_next_dist_7a8122d0._.js:2287
[  812149ms] [LOG] [Vercel Web Analytics] Failed to load script from https://va.vercel-scripts.com/v1/script.debug.js. Please check if any ad blockers are enabled and try again. @ http://localhost:3100/_next/static/chunks/node_modules_next_dist_7a8122d0._.js:2287
[  812149ms] [LOG] [Vercel Speed Insights] Failed to load script from https://va.vercel-scripts.com/v1/speed-insights/script.debug.js. Please check if any content blockers are enabled and try again. @ http://localhost:3100/_next/static/chunks/node_modules_next_dist_7a8122d0._.js:2287
[  812260ms] [LOG] [Fast Refresh] rebuilding @ http://localhost:3100/_next/static/chunks/node_modules_next_dist_7a8122d0._.js:2287
[  812589ms] [LOG] [Fast Refresh] done in 433ms @ http://localhost:3100/_next/static/chunks/node_modules_next_dist_7a8122d0._.js:2287
[  812668ms] [INFO] %cDownload the React DevTools for a better development experience: https://react.dev/link/react-devtools font-weight:bold @ http://localhost:3100/_next/static/chunks/node_modules_next_dist_7a8122d0._.js:2287
[  812700ms] [LOG] [HMR] connected @ http://localhost:3100/_next/static/chunks/node_modules_next_dist_7a8122d0._.js:2287
[  812783ms] [ERROR] Loading the script 'https://va.vercel-scripts.com/v1/script.debug.js' violates the following Content Security Policy directive: "script-src 'self' 'unsafe-inline' 'unsafe-eval' https://maps.googleapis.com https://maps.gstatic.com". Note that 'script-src-elem' was not explicitly set, so 'script-src' is used as a fallback. The action has been blocked. @ http://localhost:3100/_next/static/chunks/node_modules_19575493._.js:1446
[  812830ms] [WARNING] Image with src "/logo-sm.png" has either width or height modified, but not the other. If you use CSS to change the size of your image, also include the styles 'width: "auto"' or 'height: "auto"' to maintain the aspect ratio. @ http://localhost:3100/_next/static/chunks/node_modules_next_dist_7a8122d0._.js:2287
[  812847ms] [ERROR] Loading the script 'https://va.vercel-scripts.com/v1/speed-insights/script.debug.js' violates the following Content Security Policy directive: "script-src 'self' 'unsafe-inline' 'unsafe-eval' https://maps.googleapis.com https://maps.gstatic.com". Note that 'script-src-elem' was not explicitly set, so 'script-src' is used as a fallback. The action has been blocked. @ http://localhost:3100/_next/static/chunks/node_modules_19575493._.js:3565
[  812855ms] [LOG] [Vercel Web Analytics] Failed to load script from https://va.vercel-scripts.com/v1/script.debug.js. Please check if any ad blockers are enabled and try again. @ http://localhost:3100/_next/static/chunks/node_modules_next_dist_7a8122d0._.js:2287
[  812855ms] [LOG] [Vercel Speed Insights] Failed to load script from https://va.vercel-scripts.com/v1/speed-insights/script.debug.js. Please check if any content blockers are enabled and try again. @ http://localhost:3100/_next/static/chunks/node_modules_next_dist_7a8122d0._.js:2287
[  812972ms] [LOG] [Fast Refresh] rebuilding @ http://localhost:3100/_next/static/chunks/node_modules_next_dist_7a8122d0._.js:2287
[  813351ms] [LOG] [Fast Refresh] done in 488ms @ http://localhost:3100/_next/static/chunks/node_modules_next_dist_7a8122d0._.js:2287
[  813429ms] [INFO] %cDownload the React DevTools for a better development experience: https://react.dev/link/react-devtools font-weight:bold @ http://localhost:3100/_next/static/chunks/node_modules_next_dist_7a8122d0._.js:2287
[  813468ms] [LOG] [HMR] connected @ http://localhost:3100/_next/static/chunks/node_modules_next_dist_7a8122d0._.js:2287
[  813532ms] [ERROR] Loading the script 'https://va.vercel-scripts.com/v1/script.debug.js' violates the following Content Security Policy directive: "script-src 'self' 'unsafe-inline' 'unsafe-eval' https://maps.googleapis.com https://maps.gstatic.com". Note that 'script-src-elem' was not explicitly set, so 'script-src' is used as a fallback. The action has been blocked. @ http://localhost:3100/_next/static/chunks/node_modules_19575493._.js:1446
[  813580ms] [WARNING] Image with src "/logo-sm.png" has either width or height modified, but not the other. If you use CSS to change the size of your image, also include the styles 'width: "auto"' or 'height: "auto"' to maintain the aspect ratio. @ http://localhost:3100/_next/static/chunks/node_modules_next_dist_7a8122d0._.js:2287
[  813593ms] [ERROR] Loading the script 'https://va.vercel-scripts.com/v1/speed-insights/script.debug.js' violates the following Content Security Policy directive: "script-src 'self' 'unsafe-inline' 'unsafe-eval' https://maps.googleapis.com https://maps.gstatic.com". Note that 'script-src-elem' was not explicitly set, so 'script-src' is used as a fallback. The action has been blocked. @ http://localhost:3100/_next/static/chunks/node_modules_19575493._.js:3565
[  813594ms] [LOG] [Fast Refresh] rebuilding @ http://localhost:3100/_next/static/chunks/node_modules_next_dist_7a8122d0._.js:2287
[  813594ms] [LOG] [Vercel Web Analytics] Failed to load script from https://va.vercel-scripts.com/v1/script.debug.js. Please check if any ad blockers are enabled and try again. @ http://localhost:3100/_next/static/chunks/node_modules_next_dist_7a8122d0._.js:2287
[  813594ms] [LOG] [Vercel Speed Insights] Failed to load script from https://va.vercel-scripts.com/v1/speed-insights/script.debug.js. Please check if any content blockers are enabled and try again. @ http://localhost:3100/_next/static/chunks/node_modules_next_dist_7a8122d0._.js:2287
[  813595ms] [LOG] [Fast Refresh] done in 105ms @ http://localhost:3100/_next/static/chunks/node_modules_next_dist_7a8122d0._.js:2287
[  813741ms] [LOG] [Fast Refresh] rebuilding @ http://localhost:3100/_next/static/chunks/node_modules_next_dist_7a8122d0._.js:2287
[  814123ms] [LOG] [Fast Refresh] done in 486ms @ http://localhost:3100/_next/static/chunks/node_modules_next_dist_7a8122d0._.js:2287
[  814229ms] [INFO] %cDownload the React DevTools for a better development experience: https://react.dev/link/react-devtools font-weight:bold @ http://localhost:3100/_next/static/chunks/node_modules_next_dist_7a8122d0._.js:2287
[  814266ms] [LOG] [HMR] connected @ http://localhost:3100/_next/static/chunks/node_modules_next_dist_7a8122d0._.js:2287
[  814363ms] [ERROR] Loading the script 'https://va.vercel-scripts.com/v1/script.debug.js' violates the following Content Security Policy directive: "script-src 'self' 'unsafe-inline' 'unsafe-eval' https://maps.googleapis.com https://maps.gstatic.com". Note that 'script-src-elem' was not explicitly set, so 'script-src' is used as a fallback. The action has been blocked. @ http://localhost:3100/_next/static/chunks/node_modules_19575493._.js:1446
[  814408ms] [WARNING] Image with src "/logo-sm.png" has either width or height modified, but not the other. If you use CSS to change the size of your image, also include the styles 'width: "auto"' or 'height: "auto"' to maintain the aspect ratio. @ http://localhost:3100/_next/static/chunks/node_modules_next_dist_7a8122d0._.js:2287
[  814409ms] [ERROR] Loading the script 'https://va.vercel-scripts.com/v1/speed-insights/script.debug.js' violates the following Content Security Policy directive: "script-src 'self' 'unsafe-inline' 'unsafe-eval' https://maps.googleapis.com https://maps.gstatic.com". Note that 'script-src-elem' was not explicitly set, so 'script-src' is used as a fallback. The action has been blocked. @ http://localhost:3100/_next/static/chunks/node_modules_19575493._.js:3565
[  814411ms] [LOG] [Vercel Web Analytics] Failed to load script from https://va.vercel-scripts.com/v1/script.debug.js. Please check if any ad blockers are enabled and try again. @ http://localhost:3100/_next/static/chunks/node_modules_next_dist_7a8122d0._.js:2287
[  814411ms] [LOG] [Vercel Speed Insights] Failed to load script from https://va.vercel-scripts.com/v1/speed-insights/script.debug.js. Please check if any content blockers are enabled and try again. @ http://localhost:3100/_next/static/chunks/node_modules_next_dist_7a8122d0._.js:2287
[  814540ms] [LOG] [Fast Refresh] rebuilding @ http://localhost:3100/_next/static/chunks/node_modules_next_dist_7a8122d0._.js:2287
[  814962ms] [LOG] [Fast Refresh] done in 526ms @ http://localhost:3100/_next/static/chunks/node_modules_next_dist_7a8122d0._.js:2287
[  815039ms] [INFO] %cDownload the React DevTools for a better development experience: https://react.dev/link/react-devtools font-weight:bold @ http://localhost:3100/_next/static/chunks/node_modules_next_dist_7a8122d0._.js:2287
[  815075ms] [LOG] [HMR] connected @ http://localhost:3100/_next/static/chunks/node_modules_next_dist_7a8122d0._.js:2287
[  815168ms] [ERROR] Loading the script 'https://va.vercel-scripts.com/v1/script.debug.js' violates the following Content Security Policy directive: "script-src 'self' 'unsafe-inline' 'unsafe-eval' https://maps.googleapis.com https://maps.gstatic.com". Note that 'script-src-elem' was not explicitly set, so 'script-src' is used as a fallback. The action has been blocked. @ http://localhost:3100/_next/static/chunks/node_modules_19575493._.js:1446
[  815211ms] [WARNING] Image with src "/logo-sm.png" has either width or height modified, but not the other. If you use CSS to change the size of your image, also include the styles 'width: "auto"' or 'height: "auto"' to maintain the aspect ratio. @ http://localhost:3100/_next/static/chunks/node_modules_next_dist_7a8122d0._.js:2287
[  815215ms] [ERROR] Loading the script 'https://va.vercel-scripts.com/v1/speed-insights/script.debug.js' violates the following Content Security Policy directive: "script-src 'self' 'unsafe-inline' 'unsafe-eval' https://maps.googleapis.com https://maps.gstatic.com". Note that 'script-src-elem' was not explicitly set, so 'script-src' is used as a fallback. The action has been blocked. @ http://localhost:3100/_next/static/chunks/node_modules_19575493._.js:3565
[  815252ms] [LOG] [Vercel Web Analytics] Failed to load script from https://va.vercel-scripts.com/v1/script.debug.js. Please check if any ad blockers are enabled and try again. @ http://localhost:3100/_next/static/chunks/node_modules_next_dist_7a8122d0._.js:2287
[  815252ms] [LOG] [Vercel Speed Insights] Failed to load script from https://va.vercel-scripts.com/v1/speed-insights/script.debug.js. Please check if any content blockers are enabled and try again. @ http://localhost:3100/_next/static/chunks/node_modules_next_dist_7a8122d0._.js:2287
[  815367ms] [LOG] [Fast Refresh] rebuilding @ http://localhost:3100/_next/static/chunks/node_modules_next_dist_7a8122d0._.js:2287
[  815726ms] [LOG] [Fast Refresh] done in 467ms @ http://localhost:3100/_next/static/chunks/node_modules_next_dist_7a8122d0._.js:2287
[  815798ms] [INFO] %cDownload the React DevTools for a better development experience: https://react.dev/link/react-devtools font-weight:bold @ http://localhost:3100/_next/static/chunks/node_modules_next_dist_7a8122d0._.js:2287
[  815821ms] [LOG] [HMR] connected @ http://localhost:3100/_next/static/chunks/node_modules_next_dist_7a8122d0._.js:2287
[  815890ms] [ERROR] Loading the script 'https://va.vercel-scripts.com/v1/script.debug.js' violates the following Content Security Policy directive: "script-src 'self' 'unsafe-inline' 'unsafe-eval' https://maps.googleapis.com https://maps.gstatic.com". Note that 'script-src-elem' was not explicitly set, so 'script-src' is used as a fallback. The action has been blocked. @ http://localhost:3100/_next/static/chunks/node_modules_19575493._.js:1446
[  815931ms] [WARNING] Image with src "/logo-sm.png" has either width or height modified, but not the other. If you use CSS to change the size of your image, also include the styles 'width: "auto"' or 'height: "auto"' to maintain the aspect ratio. @ http://localhost:3100/_next/static/chunks/node_modules_next_dist_7a8122d0._.js:2287
[  815942ms] [ERROR] Loading the script 'https://va.vercel-scripts.com/v1/speed-insights/script.debug.js' violates the following Content Security Policy directive: "script-src 'self' 'unsafe-inline' 'unsafe-eval' https://maps.googleapis.com https://maps.gstatic.com". Note that 'script-src-elem' was not explicitly set, so 'script-src' is used as a fallback. The action has been blocked. @ http://localhost:3100/_next/static/chunks/node_modules_19575493._.js:3565
[  815945ms] [LOG] [Vercel Web Analytics] Failed to load script from https://va.vercel-scripts.com/v1/script.debug.js. Please check if any ad blockers are enabled and try again. @ http://localhost:3100/_next/static/chunks/node_modules_next_dist_7a8122d0._.js:2287
[  815945ms] [LOG] [Vercel Speed Insights] Failed to load script from https://va.vercel-scripts.com/v1/speed-insights/script.debug.js. Please check if any content blockers are enabled and try again. @ http://localhost:3100/_next/static/chunks/node_modules_next_dist_7a8122d0._.js:2287
[  816077ms] [LOG] [Fast Refresh] rebuilding @ http://localhost:3100/_next/static/chunks/node_modules_next_dist_7a8122d0._.js:2287
[  816477ms] [LOG] [Fast Refresh] done in 509ms @ http://localhost:3100/_next/static/chunks/node_modules_next_dist_7a8122d0._.js:2287
[  816566ms] [INFO] %cDownload the React DevTools for a better development experience: https://react.dev/link/react-devtools font-weight:bold @ http://localhost:3100/_next/static/chunks/node_modules_next_dist_7a8122d0._.js:2287
[  816591ms] [LOG] [HMR] connected @ http://localhost:3100/_next/static/chunks/node_modules_next_dist_7a8122d0._.js:2287
[  816655ms] [ERROR] Loading the script 'https://va.vercel-scripts.com/v1/script.debug.js' violates the following Content Security Policy directive: "script-src 'self' 'unsafe-inline' 'unsafe-eval' https://maps.googleapis.com https://maps.gstatic.com". Note that 'script-src-elem' was not explicitly set, so 'script-src' is used as a fallback. The action has been blocked. @ http://localhost:3100/_next/static/chunks/node_modules_19575493._.js:1446
[  816697ms] [WARNING] Image with src "/logo-sm.png" has either width or height modified, but not the other. If you use CSS to change the size of your image, also include the styles 'width: "auto"' or 'height: "auto"' to maintain the aspect ratio. @ http://localhost:3100/_next/static/chunks/node_modules_next_dist_7a8122d0._.js:2287
[  816707ms] [ERROR] Loading the script 'https://va.vercel-scripts.com/v1/speed-insights/script.debug.js' violates the following Content Security Policy directive: "script-src 'self' 'unsafe-inline' 'unsafe-eval' https://maps.googleapis.com https://maps.gstatic.com". Note that 'script-src-elem' was not explicitly set, so 'script-src' is used as a fallback. The action has been blocked. @ http://localhost:3100/_next/static/chunks/node_modules_19575493._.js:3565
[  816710ms] [LOG] [Vercel Web Analytics] Failed to load script from https://va.vercel-scripts.com/v1/script.debug.js. Please check if any ad blockers are enabled and try again. @ http://localhost:3100/_next/static/chunks/node_modules_next_dist_7a8122d0._.js:2287
[  816710ms] [LOG] [Vercel Speed Insights] Failed to load script from https://va.vercel-scripts.com/v1/speed-insights/script.debug.js. Please check if any content blockers are enabled and try again. @ http://localhost:3100/_next/static/chunks/node_modules_next_dist_7a8122d0._.js:2287
[  816854ms] [LOG] [Fast Refresh] rebuilding @ http://localhost:3100/_next/static/chunks/node_modules_next_dist_7a8122d0._.js:2287
[  817244ms] [LOG] [Fast Refresh] done in 493ms @ http://localhost:3100/_next/static/chunks/node_modules_next_dist_7a8122d0._.js:2287
[  817347ms] [INFO] %cDownload the React DevTools for a better development experience: https://react.dev/link/react-devtools font-weight:bold @ http://localhost:3100/_next/static/chunks/node_modules_next_dist_7a8122d0._.js:2287
[  817371ms] [LOG] [HMR] connected @ http://localhost:3100/_next/static/chunks/node_modules_next_dist_7a8122d0._.js:2287
[  817445ms] [ERROR] Loading the script 'https://va.vercel-scripts.com/v1/script.debug.js' violates the following Content Security Policy directive: "script-src 'self' 'unsafe-inline' 'unsafe-eval' https://maps.googleapis.com https://maps.gstatic.com". Note that 'script-src-elem' was not explicitly set, so 'script-src' is used as a fallback. The action has been blocked. @ http://localhost:3100/_next/static/chunks/node_modules_19575493._.js:1446
[  817485ms] [WARNING] Image with src "/logo-sm.png" has either width or height modified, but not the other. If you use CSS to change the size of your image, also include the styles 'width: "auto"' or 'height: "auto"' to maintain the aspect ratio. @ http://localhost:3100/_next/static/chunks/node_modules_next_dist_7a8122d0._.js:2287
[  817519ms] [LOG] [Vercel Web Analytics] Failed to load script from https://va.vercel-scripts.com/v1/script.debug.js. Please check if any ad blockers are enabled and try again. @ http://localhost:3100/_next/static/chunks/node_modules_next_dist_7a8122d0._.js:2287
[  817786ms] [ERROR] Loading the script 'https://va.vercel-scripts.com/v1/speed-insights/script.debug.js' violates the following Content Security Policy directive: "script-src 'self' 'unsafe-inline' 'unsafe-eval' https://maps.googleapis.com https://maps.gstatic.com". Note that 'script-src-elem' was not explicitly set, so 'script-src' is used as a fallback. The action has been blocked. @ http://localhost:3100/_next/static/chunks/node_modules_19575493._.js:3565
[  817787ms] [LOG] [Vercel Speed Insights] Failed to load script from https://va.vercel-scripts.com/v1/speed-insights/script.debug.js. Please check if any content blockers are enabled and try again. @ http://localhost:3100/_next/static/chunks/node_modules_next_dist_7a8122d0._.js:2287
[  857841ms] [LOG] [Fast Refresh] rebuilding @ http://localhost:3100/_next/static/chunks/node_modules_next_dist_7a8122d0._.js:2287
[  857844ms] [LOG] [Fast Refresh] done in 104ms @ http://localhost:3100/_next/static/chunks/node_modules_next_dist_7a8122d0._.js:2287
[  857933ms] [INFO] %cDownload the React DevTools for a better development experience: https://react.dev/link/react-devtools font-weight:bold @ http://localhost:3100/_next/static/chunks/node_modules_next_dist_7a8122d0._.js:2287
[  857980ms] [LOG] [HMR] connected @ http://localhost:3100/_next/static/chunks/node_modules_next_dist_7a8122d0._.js:2287
[  858155ms] [ERROR] Loading the script 'https://va.vercel-scripts.com/v1/script.debug.js' violates the following Content Security Policy directive: "script-src 'self' 'unsafe-inline' 'unsafe-eval' https://maps.googleapis.com https://maps.gstatic.com". Note that 'script-src-elem' was not explicitly set, so 'script-src' is used as a fallback. The action has been blocked. @ http://localhost:3100/_next/static/chunks/node_modules_19575493._.js:1446
[  858199ms] [ERROR] Loading the script 'https://va.vercel-scripts.com/v1/speed-insights/script.debug.js' violates the following Content Security Policy directive: "script-src 'self' 'unsafe-inline' 'unsafe-eval' https://maps.googleapis.com https://maps.gstatic.com". Note that 'script-src-elem' was not explicitly set, so 'script-src' is used as a fallback. The action has been blocked. @ http://localhost:3100/_next/static/chunks/node_modules_19575493._.js:3565
[  858200ms] [LOG] [Vercel Web Analytics] Failed to load script from https://va.vercel-scripts.com/v1/script.debug.js. Please check if any ad blockers are enabled and try again. @ http://localhost:3100/_next/static/chunks/node_modules_next_dist_7a8122d0._.js:2287
[  858200ms] [LOG] [Vercel Speed Insights] Failed to load script from https://va.vercel-scripts.com/v1/speed-insights/script.debug.js. Please check if any content blockers are enabled and try again. @ http://localhost:3100/_next/static/chunks/node_modules_next_dist_7a8122d0._.js:2287
[  858267ms] [INFO] %cDownload the React DevTools for a better development experience: https://react.dev/link/react-devtools font-weight:bold @ http://localhost:3100/_next/static/chunks/node_modules_next_dist_7a8122d0._.js:2287
[  858294ms] [LOG] [HMR] connected @ http://localhost:3100/_next/static/chunks/node_modules_next_dist_7a8122d0._.js:2287
[  858362ms] [ERROR] Loading the script 'https://va.vercel-scripts.com/v1/script.debug.js' violates the following Content Security Policy directive: "script-src 'self' 'unsafe-inline' 'unsafe-eval' https://maps.googleapis.com https://maps.gstatic.com". Note that 'script-src-elem' was not explicitly set, so 'script-src' is used as a fallback. The action has been blocked. @ http://localhost:3100/_next/static/chunks/node_modules_19575493._.js:1446
[  858398ms] [LOG] [Vercel Web Analytics] Failed to load script from https://va.vercel-scripts.com/v1/script.debug.js. Please check if any ad blockers are enabled and try again. @ http://localhost:3100/_next/static/chunks/node_modules_next_dist_7a8122d0._.js:2287
[  858428ms] [WARNING] Image with src "/logo-sm.png" has either width or height modified, but not the other. If you use CSS to change the size of your image, also include the styles 'width: "auto"' or 'height: "auto"' to maintain the aspect ratio. @ http://localhost:3100/_next/static/chunks/node_modules_next_dist_7a8122d0._.js:2287
[  858428ms] [ERROR] Loading the script 'https://va.vercel-scripts.com/v1/speed-insights/script.debug.js' violates the following Content Security Policy directive: "script-src 'self' 'unsafe-inline' 'unsafe-eval' https://maps.googleapis.com https://maps.gstatic.com". Note that 'script-src-elem' was not explicitly set, so 'script-src' is used as a fallback. The action has been blocked. @ http://localhost:3100/_next/static/chunks/node_modules_19575493._.js:3565
[  858429ms] [LOG] [Vercel Speed Insights] Failed to load script from https://va.vercel-scripts.com/v1/speed-insights/script.debug.js. Please check if any content blockers are enabled and try again. @ http://localhost:3100/_next/static/chunks/node_modules_next_dist_7a8122d0._.js:2287
[  858564ms] [INFO] %cDownload the React DevTools for a better development experience: https://react.dev/link/react-devtools font-weight:bold @ http://localhost:3100/_next/static/chunks/node_modules_next_dist_7a8122d0._.js:2287
[  858587ms] [LOG] [HMR] connected @ http://localhost:3100/_next/static/chunks/node_modules_next_dist_7a8122d0._.js:2287
[  858671ms] [ERROR] Loading the script 'https://va.vercel-scripts.com/v1/script.debug.js' violates the following Content Security Policy directive: "script-src 'self' 'unsafe-inline' 'unsafe-eval' https://maps.googleapis.com https://maps.gstatic.com". Note that 'script-src-elem' was not explicitly set, so 'script-src' is used as a fallback. The action has been blocked. @ http://localhost:3100/_next/static/chunks/node_modules_19575493._.js:1446
[  858725ms] [WARNING] Image with src "/logo-sm.png" has either width or height modified, but not the other. If you use CSS to change the size of your image, also include the styles 'width: "auto"' or 'height: "auto"' to maintain the aspect ratio. @ http://localhost:3100/_next/static/chunks/node_modules_next_dist_7a8122d0._.js:2287
[  858726ms] [ERROR] Loading the script 'https://va.vercel-scripts.com/v1/speed-insights/script.debug.js' violates the following Content Security Policy directive: "script-src 'self' 'unsafe-inline' 'unsafe-eval' https://maps.googleapis.com https://maps.gstatic.com". Note that 'script-src-elem' was not explicitly set, so 'script-src' is used as a fallback. The action has been blocked. @ http://localhost:3100/_next/static/chunks/node_modules_19575493._.js:3565
[  858727ms] [LOG] [Vercel Web Analytics] Failed to load script from https://va.vercel-scripts.com/v1/script.debug.js. Please check if any ad blockers are enabled and try again. @ http://localhost:3100/_next/static/chunks/node_modules_next_dist_7a8122d0._.js:2287
[  858727ms] [LOG] [Vercel Speed Insights] Failed to load script from https://va.vercel-scripts.com/v1/speed-insights/script.debug.js. Please check if any content blockers are enabled and try again. @ http://localhost:3100/_next/static/chunks/node_modules_next_dist_7a8122d0._.js:2287
[  858864ms] [INFO] %cDownload the React DevTools for a better development experience: https://react.dev/link/react-devtools font-weight:bold @ http://localhost:3100/_next/static/chunks/node_modules_next_dist_7a8122d0._.js:2287
[  858890ms] [LOG] [HMR] connected @ http://localhost:3100/_next/static/chunks/node_modules_next_dist_7a8122d0._.js:2287
[  858969ms] [ERROR] Loading the script 'https://va.vercel-scripts.com/v1/script.debug.js' violates the following Content Security Policy directive: "script-src 'self' 'unsafe-inline' 'unsafe-eval' https://maps.googleapis.com https://maps.gstatic.com". Note that 'script-src-elem' was not explicitly set, so 'script-src' is used as a fallback. The action has been blocked. @ http://localhost:3100/_next/static/chunks/node_modules_19575493._.js:1446
[  859018ms] [WARNING] Image with src "/logo-sm.png" has either width or height modified, but not the other. If you use CSS to change the size of your image, also include the styles 'width: "auto"' or 'height: "auto"' to maintain the aspect ratio. @ http://localhost:3100/_next/static/chunks/node_modules_next_dist_7a8122d0._.js:2287
[  859019ms] [ERROR] Loading the script 'https://va.vercel-scripts.com/v1/speed-insights/script.debug.js' violates the following Content Security Policy directive: "script-src 'self' 'unsafe-inline' 'unsafe-eval' https://maps.googleapis.com https://maps.gstatic.com". Note that 'script-src-elem' was not explicitly set, so 'script-src' is used as a fallback. The action has been blocked. @ http://localhost:3100/_next/static/chunks/node_modules_19575493._.js:3565
[  859020ms] [LOG] [Vercel Web Analytics] Failed to load script from https://va.vercel-scripts.com/v1/script.debug.js. Please check if any ad blockers are enabled and try again. @ http://localhost:3100/_next/static/chunks/node_modules_next_dist_7a8122d0._.js:2287
[  859022ms] [LOG] [Vercel Speed Insights] Failed to load script from https://va.vercel-scripts.com/v1/speed-insights/script.debug.js. Please check if any content blockers are enabled and try again. @ http://localhost:3100/_next/static/chunks/node_modules_next_dist_7a8122d0._.js:2287
[  859147ms] [INFO] %cDownload the React DevTools for a better development experience: https://react.dev/link/react-devtools font-weight:bold @ http://localhost:3100/_next/static/chunks/node_modules_next_dist_7a8122d0._.js:2287
[  859169ms] [LOG] [HMR] connected @ http://localhost:3100/_next/static/chunks/node_modules_next_dist_7a8122d0._.js:2287
[  859246ms] [ERROR] Loading the script 'https://va.vercel-scripts.com/v1/script.debug.js' violates the following Content Security Policy directive: "script-src 'self' 'unsafe-inline' 'unsafe-eval' https://maps.googleapis.com https://maps.gstatic.com". Note that 'script-src-elem' was not explicitly set, so 'script-src' is used as a fallback. The action has been blocked. @ http://localhost:3100/_next/static/chunks/node_modules_19575493._.js:1446
[  859286ms] [LOG] [Vercel Web Analytics] Failed to load script from https://va.vercel-scripts.com/v1/script.debug.js. Please check if any ad blockers are enabled and try again. @ http://localhost:3100/_next/static/chunks/node_modules_next_dist_7a8122d0._.js:2287
[  859312ms] [WARNING] Image with src "/logo-sm.png" has either width or height modified, but not the other. If you use CSS to change the size of your image, also include the styles 'width: "auto"' or 'height: "auto"' to maintain the aspect ratio. @ http://localhost:3100/_next/static/chunks/node_modules_next_dist_7a8122d0._.js:2287
[  859312ms] [ERROR] Loading the script 'https://va.vercel-scripts.com/v1/speed-insights/script.debug.js' violates the following Content Security Policy directive: "script-src 'self' 'unsafe-inline' 'unsafe-eval' https://maps.googleapis.com https://maps.gstatic.com". Note that 'script-src-elem' was not explicitly set, so 'script-src' is used as a fallback. The action has been blocked. @ http://localhost:3100/_next/static/chunks/node_modules_19575493._.js:3565
[  859313ms] [LOG] [Vercel Speed Insights] Failed to load script from https://va.vercel-scripts.com/v1/speed-insights/script.debug.js. Please check if any content blockers are enabled and try again. @ http://localhost:3100/_next/static/chunks/node_modules_next_dist_7a8122d0._.js:2287
[  859432ms] [INFO] %cDownload the React DevTools for a better development experience: https://react.dev/link/react-devtools font-weight:bold @ http://localhost:3100/_next/static/chunks/node_modules_next_dist_7a8122d0._.js:2287
[  859456ms] [LOG] [HMR] connected @ http://localhost:3100/_next/static/chunks/node_modules_next_dist_7a8122d0._.js:2287
[  859572ms] [ERROR] Loading the script 'https://va.vercel-scripts.com/v1/script.debug.js' violates the following Content Security Policy directive: "script-src 'self' 'unsafe-inline' 'unsafe-eval' https://maps.googleapis.com https://maps.gstatic.com". Note that 'script-src-elem' was not explicitly set, so 'script-src' is used as a fallback. The action has been blocked. @ http://localhost:3100/_next/static/chunks/node_modules_19575493._.js:1446
[  859584ms] [WARNING] Image with src "/debbie_headshot.jpg" has "fill" but is missing "sizes" prop. Please add it to improve page performance. Read more: https://nextjs.org/docs/api-reference/next/image#sizes @ http://localhost:3100/_next/static/chunks/node_modules_next_dist_7a8122d0._.js:2287
[  859585ms] [WARNING] Image with src "/haydn.jpg" has "fill" but is missing "sizes" prop. Please add it to improve page performance. Read more: https://nextjs.org/docs/api-reference/next/image#sizes @ http://localhost:3100/_next/static/chunks/node_modules_next_dist_7a8122d0._.js:2287
[  859585ms] [WARNING] Image with src "/pa-real-estate-support.png" has either width or height modified, but not the other. If you use CSS to change the size of your image, also include the styles 'width: "auto"' or 'height: "auto"' to maintain the aspect ratio. @ http://localhost:3100/_next/static/chunks/node_modules_next_dist_7a8122d0._.js:2287
[  859621ms] [WARNING] Image with src "/logo-sm.png" has either width or height modified, but not the other. If you use CSS to change the size of your image, also include the styles 'width: "auto"' or 'height: "auto"' to maintain the aspect ratio. @ http://localhost:3100/_next/static/chunks/node_modules_next_dist_7a8122d0._.js:2287
[  859622ms] [ERROR] Loading the script 'https://va.vercel-scripts.com/v1/speed-insights/script.debug.js' violates the following Content Security Policy directive: "script-src 'self' 'unsafe-inline' 'unsafe-eval' https://maps.googleapis.com https://maps.gstatic.com". Note that 'script-src-elem' was not explicitly set, so 'script-src' is used as a fallback. The action has been blocked. @ http://localhost:3100/_next/static/chunks/node_modules_19575493._.js:3565
[  859625ms] [LOG] [Vercel Web Analytics] Failed to load script from https://va.vercel-scripts.com/v1/script.debug.js. Please check if any ad blockers are enabled and try again. @ http://localhost:3100/_next/static/chunks/node_modules_next_dist_7a8122d0._.js:2287
[  859625ms] [LOG] [Vercel Speed Insights] Failed to load script from https://va.vercel-scripts.com/v1/speed-insights/script.debug.js. Please check if any content blockers are enabled and try again. @ http://localhost:3100/_next/static/chunks/node_modules_next_dist_7a8122d0._.js:2287
[  859762ms] [INFO] %cDownload the React DevTools for a better development experience: https://react.dev/link/react-devtools font-weight:bold @ http://localhost:3100/_next/static/chunks/node_modules_next_dist_7a8122d0._.js:2287
[  859790ms] [LOG] [HMR] connected @ http://localhost:3100/_next/static/chunks/node_modules_next_dist_7a8122d0._.js:2287
[  859892ms] [ERROR] Loading the script 'https://va.vercel-scripts.com/v1/script.debug.js' violates the following Content Security Policy directive: "script-src 'self' 'unsafe-inline' 'unsafe-eval' https://maps.googleapis.com https://maps.gstatic.com". Note that 'script-src-elem' was not explicitly set, so 'script-src' is used as a fallback. The action has been blocked. @ http://localhost:3100/_next/static/chunks/node_modules_19575493._.js:1446
[  859925ms] [WARNING] Image with src "/logo-sm.png" has either width or height modified, but not the other. If you use CSS to change the size of your image, also include the styles 'width: "auto"' or 'height: "auto"' to maintain the aspect ratio. @ http://localhost:3100/_next/static/chunks/node_modules_next_dist_7a8122d0._.js:2287
[  859926ms] [ERROR] Loading the script 'https://va.vercel-scripts.com/v1/speed-insights/script.debug.js' violates the following Content Security Policy directive: "script-src 'self' 'unsafe-inline' 'unsafe-eval' https://maps.googleapis.com https://maps.gstatic.com". Note that 'script-src-elem' was not explicitly set, so 'script-src' is used as a fallback. The action has been blocked. @ http://localhost:3100/_next/static/chunks/node_modules_19575493._.js:3565
[  859927ms] [LOG] [Vercel Web Analytics] Failed to load script from https://va.vercel-scripts.com/v1/script.debug.js. Please check if any ad blockers are enabled and try again. @ http://localhost:3100/_next/static/chunks/node_modules_next_dist_7a8122d0._.js:2287
[  859927ms] [LOG] [Vercel Speed Insights] Failed to load script from https://va.vercel-scripts.com/v1/speed-insights/script.debug.js. Please check if any content blockers are enabled and try again. @ http://localhost:3100/_next/static/chunks/node_modules_next_dist_7a8122d0._.js:2287
[  860052ms] [INFO] %cDownload the React DevTools for a better development experience: https://react.dev/link/react-devtools font-weight:bold @ http://localhost:3100/_next/static/chunks/node_modules_next_dist_7a8122d0._.js:2287
[  860079ms] [LOG] [HMR] connected @ http://localhost:3100/_next/static/chunks/node_modules_next_dist_7a8122d0._.js:2287
[  860156ms] [ERROR] Loading the script 'https://va.vercel-scripts.com/v1/script.debug.js' violates the following Content Security Policy directive: "script-src 'self' 'unsafe-inline' 'unsafe-eval' https://maps.googleapis.com https://maps.gstatic.com". Note that 'script-src-elem' was not explicitly set, so 'script-src' is used as a fallback. The action has been blocked. @ http://localhost:3100/_next/static/chunks/node_modules_19575493._.js:1446
[  860193ms] [LOG] [Vercel Web Analytics] Failed to load script from https://va.vercel-scripts.com/v1/script.debug.js. Please check if any ad blockers are enabled and try again. @ http://localhost:3100/_next/static/chunks/node_modules_next_dist_7a8122d0._.js:2287
[  860217ms] [WARNING] Image with src "/logo-sm.png" has either width or height modified, but not the other. If you use CSS to change the size of your image, also include the styles 'width: "auto"' or 'height: "auto"' to maintain the aspect ratio. @ http://localhost:3100/_next/static/chunks/node_modules_next_dist_7a8122d0._.js:2287
[  860218ms] [ERROR] Loading the script 'https://va.vercel-scripts.com/v1/speed-insights/script.debug.js' violates the following Content Security Policy directive: "script-src 'self' 'unsafe-inline' 'unsafe-eval' https://maps.googleapis.com https://maps.gstatic.com". Note that 'script-src-elem' was not explicitly set, so 'script-src' is used as a fallback. The action has been blocked. @ http://localhost:3100/_next/static/chunks/node_modules_19575493._.js:3565
[  860219ms] [LOG] [Vercel Speed Insights] Failed to load script from https://va.vercel-scripts.com/v1/speed-insights/script.debug.js. Please check if any content blockers are enabled and try again. @ http://localhost:3100/_next/static/chunks/node_modules_next_dist_7a8122d0._.js:2287
[  860344ms] [INFO] %cDownload the React DevTools for a better development experience: https://react.dev/link/react-devtools font-weight:bold @ http://localhost:3100/_next/static/chunks/node_modules_next_dist_7a8122d0._.js:2287
[  860369ms] [LOG] [HMR] connected @ http://localhost:3100/_next/static/chunks/node_modules_next_dist_7a8122d0._.js:2287
[  860467ms] [ERROR] Loading the script 'https://va.vercel-scripts.com/v1/script.debug.js' violates the following Content Security Policy directive: "script-src 'self' 'unsafe-inline' 'unsafe-eval' https://maps.googleapis.com https://maps.gstatic.com". Note that 'script-src-elem' was not explicitly set, so 'script-src' is used as a fallback. The action has been blocked. @ http://localhost:3100/_next/static/chunks/node_modules_19575493._.js:1446
[  860505ms] [WARNING] Image with src "/logo-sm.png" has either width or height modified, but not the other. If you use CSS to change the size of your image, also include the styles 'width: "auto"' or 'height: "auto"' to maintain the aspect ratio. @ http://localhost:3100/_next/static/chunks/node_modules_next_dist_7a8122d0._.js:2287
[  860505ms] [ERROR] Loading the script 'https://va.vercel-scripts.com/v1/speed-insights/script.debug.js' violates the following Content Security Policy directive: "script-src 'self' 'unsafe-inline' 'unsafe-eval' https://maps.googleapis.com https://maps.gstatic.com". Note that 'script-src-elem' was not explicitly set, so 'script-src' is used as a fallback. The action has been blocked. @ http://localhost:3100/_next/static/chunks/node_modules_19575493._.js:3565
[  860512ms] [LOG] [Vercel Web Analytics] Failed to load script from https://va.vercel-scripts.com/v1/script.debug.js. Please check if any ad blockers are enabled and try again. @ http://localhost:3100/_next/static/chunks/node_modules_next_dist_7a8122d0._.js:2287
[  860512ms] [LOG] [Vercel Speed Insights] Failed to load script from https://va.vercel-scripts.com/v1/speed-insights/script.debug.js. Please check if any content blockers are enabled and try again. @ http://localhost:3100/_next/static/chunks/node_modules_next_dist_7a8122d0._.js:2287
[  860645ms] [INFO] %cDownload the React DevTools for a better development experience: https://react.dev/link/react-devtools font-weight:bold @ http://localhost:3100/_next/static/chunks/node_modules_next_dist_7a8122d0._.js:2287
[  860671ms] [LOG] [HMR] connected @ http://localhost:3100/_next/static/chunks/node_modules_next_dist_7a8122d0._.js:2287
[  860740ms] [ERROR] Loading the script 'https://va.vercel-scripts.com/v1/script.debug.js' violates the following Content Security Policy directive: "script-src 'self' 'unsafe-inline' 'unsafe-eval' https://maps.googleapis.com https://maps.gstatic.com". Note that 'script-src-elem' was not explicitly set, so 'script-src' is used as a fallback. The action has been blocked. @ http://localhost:3100/_next/static/chunks/node_modules_19575493._.js:1446
[  860778ms] [LOG] [Vercel Web Analytics] Failed to load script from https://va.vercel-scripts.com/v1/script.debug.js. Please check if any ad blockers are enabled and try again. @ http://localhost:3100/_next/static/chunks/node_modules_next_dist_7a8122d0._.js:2287
[  860809ms] [WARNING] Image with src "/logo-sm.png" has either width or height modified, but not the other. If you use CSS to change the size of your image, also include the styles 'width: "auto"' or 'height: "auto"' to maintain the aspect ratio. @ http://localhost:3100/_next/static/chunks/node_modules_next_dist_7a8122d0._.js:2287
[  860809ms] [ERROR] Loading the script 'https://va.vercel-scripts.com/v1/speed-insights/script.debug.js' violates the following Content Security Policy directive: "script-src 'self' 'unsafe-inline' 'unsafe-eval' https://maps.googleapis.com https://maps.gstatic.com". Note that 'script-src-elem' was not explicitly set, so 'script-src' is used as a fallback. The action has been blocked. @ http://localhost:3100/_next/static/chunks/node_modules_19575493._.js:3565
[  860815ms] [LOG] [Vercel Speed Insights] Failed to load script from https://va.vercel-scripts.com/v1/speed-insights/script.debug.js. Please check if any content blockers are enabled and try again. @ http://localhost:3100/_next/static/chunks/node_modules_next_dist_7a8122d0._.js:2287
[  860928ms] [INFO] %cDownload the React DevTools for a better development experience: https://react.dev/link/react-devtools font-weight:bold @ http://localhost:3100/_next/static/chunks/node_modules_next_dist_7a8122d0._.js:2287
[  860954ms] [LOG] [HMR] connected @ http://localhost:3100/_next/static/chunks/node_modules_next_dist_7a8122d0._.js:2287
[  861029ms] [ERROR] Loading the script 'https://va.vercel-scripts.com/v1/script.debug.js' violates the following Content Security Policy directive: "script-src 'self' 'unsafe-inline' 'unsafe-eval' https://maps.googleapis.com https://maps.gstatic.com". Note that 'script-src-elem' was not explicitly set, so 'script-src' is used as a fallback. The action has been blocked. @ http://localhost:3100/_next/static/chunks/node_modules_19575493._.js:1446
[  861059ms] [LOG] [Vercel Web Analytics] Failed to load script from https://va.vercel-scripts.com/v1/script.debug.js. Please check if any ad blockers are enabled and try again. @ http://localhost:3100/_next/static/chunks/node_modules_next_dist_7a8122d0._.js:2287
[  861095ms] [WARNING] Image with src "/logo-sm.png" has either width or height modified, but not the other. If you use CSS to change the size of your image, also include the styles 'width: "auto"' or 'height: "auto"' to maintain the aspect ratio. @ http://localhost:3100/_next/static/chunks/node_modules_next_dist_7a8122d0._.js:2287
[  861096ms] [ERROR] Loading the script 'https://va.vercel-scripts.com/v1/speed-insights/script.debug.js' violates the following Content Security Policy directive: "script-src 'self' 'unsafe-inline' 'unsafe-eval' https://maps.googleapis.com https://maps.gstatic.com". Note that 'script-src-elem' was not explicitly set, so 'script-src' is used as a fallback. The action has been blocked. @ http://localhost:3100/_next/static/chunks/node_modules_19575493._.js:3565
[  861096ms] [LOG] [Vercel Speed Insights] Failed to load script from https://va.vercel-scripts.com/v1/speed-insights/script.debug.js. Please check if any content blockers are enabled and try again. @ http://localhost:3100/_next/static/chunks/node_modules_next_dist_7a8122d0._.js:2287
[  861186ms] [INFO] %cDownload the React DevTools for a better development experience: https://react.dev/link/react-devtools font-weight:bold @ http://localhost:3100/_next/static/chunks/node_modules_next_dist_7a8122d0._.js:2287
[  861205ms] [LOG] [HMR] connected @ http://localhost:3100/_next/static/chunks/node_modules_next_dist_7a8122d0._.js:2287
[  861267ms] [ERROR] Loading the script 'https://va.vercel-scripts.com/v1/script.debug.js' violates the following Content Security Policy directive: "script-src 'self' 'unsafe-inline' 'unsafe-eval' https://maps.googleapis.com https://maps.gstatic.com". Note that 'script-src-elem' was not explicitly set, so 'script-src' is used as a fallback. The action has been blocked. @ http://localhost:3100/_next/static/chunks/node_modules_19575493._.js:1446
[  861300ms] [LOG] [Vercel Web Analytics] Failed to load script from https://va.vercel-scripts.com/v1/script.debug.js. Please check if any ad blockers are enabled and try again. @ http://localhost:3100/_next/static/chunks/node_modules_next_dist_7a8122d0._.js:2287
[  861421ms] [INFO] %cDownload the React DevTools for a better development experience: https://react.dev/link/react-devtools font-weight:bold @ http://localhost:3100/_next/static/chunks/node_modules_next_dist_7a8122d0._.js:2287
[  861440ms] [LOG] [HMR] connected @ http://localhost:3100/_next/static/chunks/node_modules_next_dist_7a8122d0._.js:2287
[  861502ms] [ERROR] Loading the script 'https://va.vercel-scripts.com/v1/script.debug.js' violates the following Content Security Policy directive: "script-src 'self' 'unsafe-inline' 'unsafe-eval' https://maps.googleapis.com https://maps.gstatic.com". Note that 'script-src-elem' was not explicitly set, so 'script-src' is used as a fallback. The action has been blocked. @ http://localhost:3100/_next/static/chunks/node_modules_19575493._.js:1446
[  861541ms] [LOG] [Vercel Web Analytics] Failed to load script from https://va.vercel-scripts.com/v1/script.debug.js. Please check if any ad blockers are enabled and try again. @ http://localhost:3100/_next/static/chunks/node_modules_next_dist_7a8122d0._.js:2287
[  861660ms] [INFO] %cDownload the React DevTools for a better development experience: https://react.dev/link/react-devtools font-weight:bold @ http://localhost:3100/_next/static/chunks/node_modules_next_dist_7a8122d0._.js:2287
[  861682ms] [LOG] [HMR] connected @ http://localhost:3100/_next/static/chunks/node_modules_next_dist_7a8122d0._.js:2287
[  861744ms] [ERROR] Loading the script 'https://va.vercel-scripts.com/v1/script.debug.js' violates the following Content Security Policy directive: "script-src 'self' 'unsafe-inline' 'unsafe-eval' https://maps.googleapis.com https://maps.gstatic.com". Note that 'script-src-elem' was not explicitly set, so 'script-src' is used as a fallback. The action has been blocked. @ http://localhost:3100/_next/static/chunks/node_modules_19575493._.js:1446
[  861777ms] [LOG] [Vercel Web Analytics] Failed to load script from https://va.vercel-scripts.com/v1/script.debug.js. Please check if any ad blockers are enabled and try again. @ http://localhost:3100/_next/static/chunks/node_modules_next_dist_7a8122d0._.js:2287
[  861858ms] [WARNING] Image with src "/logo-sm.png" has either width or height modified, but not the other. If you use CSS to change the size of your image, also include the styles 'width: "auto"' or 'height: "auto"' to maintain the aspect ratio. @ http://localhost:3100/_next/static/chunks/node_modules_next_dist_7a8122d0._.js:2287
[  861859ms] [ERROR] Loading the script 'https://va.vercel-scripts.com/v1/speed-insights/script.debug.js' violates the following Content Security Policy directive: "script-src 'self' 'unsafe-inline' 'unsafe-eval' https://maps.googleapis.com https://maps.gstatic.com". Note that 'script-src-elem' was not explicitly set, so 'script-src' is used as a fallback. The action has been blocked. @ http://localhost:3100/_next/static/chunks/node_modules_19575493._.js:3565
[  861859ms] [LOG] [Vercel Speed Insights] Failed to load script from https://va.vercel-scripts.com/v1/speed-insights/script.debug.js. Please check if any content blockers are enabled and try again. @ http://localhost:3100/_next/static/chunks/node_modules_next_dist_7a8122d0._.js:2287
[  927743ms] [LOG] [Fast Refresh] rebuilding @ http://localhost:3100/_next/static/chunks/node_modules_next_dist_7a8122d0._.js:2287
[  927863ms] [LOG] [Fast Refresh] done in 223ms @ http://localhost:3100/_next/static/chunks/node_modules_next_dist_7a8122d0._.js:2287
[  928456ms] [LOG] [Fast Refresh] rebuilding @ http://localhost:3100/_next/static/chunks/node_modules_next_dist_7a8122d0._.js:2287
[  928680ms] [LOG] [Fast Refresh] done in 333ms @ http://localhost:3100/_next/static/chunks/node_modules_next_dist_7a8122d0._.js:2287
[  933851ms] [LOG] [Fast Refresh] rebuilding @ http://localhost:3100/_next/static/chunks/node_modules_next_dist_7a8122d0._.js:2287
[  933885ms] [LOG] [Fast Refresh] done in 139ms @ http://localhost:3100/_next/static/chunks/node_modules_next_dist_7a8122d0._.js:2287
[  933999ms] [LOG] [Fast Refresh] rebuilding @ http://localhost:3100/_next/static/chunks/node_modules_next_dist_7a8122d0._.js:2287
[  934025ms] [LOG] [Fast Refresh] done in 126ms @ http://localhost:3100/_next/static/chunks/node_modules_next_dist_7a8122d0._.js:2287
[  934986ms] [LOG] [Fast Refresh] rebuilding @ http://localhost:3100/_next/static/chunks/node_modules_next_dist_7a8122d0._.js:2287
[  935408ms] [LOG] [Fast Refresh] done in 525ms @ http://localhost:3100/_next/static/chunks/node_modules_next_dist_7a8122d0._.js:2287
[  938001ms] [LOG] [Fast Refresh] rebuilding @ http://localhost:3100/_next/static/chunks/node_modules_next_dist_7a8122d0._.js:2287
[  938056ms] [LOG] [Fast Refresh] done in 165ms @ http://localhost:3100/_next/static/chunks/node_modules_next_dist_7a8122d0._.js:2287
[  938345ms] [LOG] [Fast Refresh] rebuilding @ http://localhost:3100/_next/static/chunks/node_modules_next_dist_7a8122d0._.js:2287
[  938371ms] [LOG] [Fast Refresh] done in 133ms @ http://localhost:3100/_next/static/chunks/node_modules_next_dist_7a8122d0._.js:2287
[  939096ms] [LOG] [Fast Refresh] rebuilding @ http://localhost:3100/_next/static/chunks/node_modules_next_dist_7a8122d0._.js:2287
[  939162ms] [LOG] [Fast Refresh] done in 168ms @ http://localhost:3100/_next/static/chunks/node_modules_next_dist_7a8122d0._.js:2287
[  940088ms] [LOG] [Fast Refresh] rebuilding @ http://localhost:3100/_next/static/chunks/node_modules_next_dist_7a8122d0._.js:2287
[  940126ms] [LOG] [Fast Refresh] done in 143ms @ http://localhost:3100/_next/static/chunks/node_modules_next_dist_7a8122d0._.js:2287
[  941191ms] [LOG] [Fast Refresh] rebuilding @ http://localhost:3100/_next/static/chunks/node_modules_next_dist_7a8122d0._.js:2287
[  941218ms] [LOG] [Fast Refresh] done in 129ms @ http://localhost:3100/_next/static/chunks/node_modules_next_dist_7a8122d0._.js:2287
[  962521ms] [LOG] [Fast Refresh] rebuilding @ http://localhost:3100/_next/static/chunks/node_modules_next_dist_7a8122d0._.js:2287
[  962524ms] [LOG] [Fast Refresh] done in 105ms @ http://localhost:3100/_next/static/chunks/node_modules_next_dist_7a8122d0._.js:2287
[  988460ms] [LOG] [Fast Refresh] rebuilding @ http://localhost:3100/_next/static/chunks/node_modules_next_dist_7a8122d0._.js:2287
[  988469ms] [LOG] [Fast Refresh] done in 111ms @ http://localhost:3100/_next/static/chunks/node_modules_next_dist_7a8122d0._.js:2287
[  988569ms] [INFO] %cDownload the React DevTools for a better development experience: https://react.dev/link/react-devtools font-weight:bold @ http://localhost:3100/_next/static/chunks/node_modules_next_dist_7a8122d0._.js:2287
[  988598ms] [LOG] [HMR] connected @ http://localhost:3100/_next/static/chunks/node_modules_next_dist_7a8122d0._.js:2287
[  988778ms] [ERROR] Loading the script 'https://va.vercel-scripts.com/v1/script.debug.js' violates the following Content Security Policy directive: "script-src 'self' 'unsafe-inline' 'unsafe-eval' https://maps.googleapis.com https://maps.gstatic.com". Note that 'script-src-elem' was not explicitly set, so 'script-src' is used as a fallback. The action has been blocked. @ http://localhost:3100/_next/static/chunks/node_modules_19575493._.js:1446
[  988843ms] [WARNING] Image with src "/logo-sm.png" has either width or height modified, but not the other. If you use CSS to change the size of your image, also include the styles 'width: "auto"' or 'height: "auto"' to maintain the aspect ratio. @ http://localhost:3100/_next/static/chunks/node_modules_next_dist_7a8122d0._.js:2287
[  988843ms] [ERROR] Loading the script 'https://va.vercel-scripts.com/v1/speed-insights/script.debug.js' violates the following Content Security Policy directive: "script-src 'self' 'unsafe-inline' 'unsafe-eval' https://maps.googleapis.com https://maps.gstatic.com". Note that 'script-src-elem' was not explicitly set, so 'script-src' is used as a fallback. The action has been blocked. @ http://localhost:3100/_next/static/chunks/node_modules_19575493._.js:3565
[  988844ms] [LOG] [Vercel Web Analytics] Failed to load script from https://va.vercel-scripts.com/v1/script.debug.js. Please check if any ad blockers are enabled and try again. @ http://localhost:3100/_next/static/chunks/node_modules_next_dist_7a8122d0._.js:2287
[  988845ms] [LOG] [Vercel Speed Insights] Failed to load script from https://va.vercel-scripts.com/v1/speed-insights/script.debug.js. Please check if any content blockers are enabled and try again. @ http://localhost:3100/_next/static/chunks/node_modules_next_dist_7a8122d0._.js:2287
[  989218ms] [LOG] [Fast Refresh] rebuilding @ http://localhost:3100/_next/static/chunks/node_modules_next_dist_7a8122d0._.js:2287
[  989359ms] [LOG] [Fast Refresh] done in 243ms @ http://localhost:3100/_next/static/chunks/node_modules_next_dist_7a8122d0._.js:2287
[  989495ms] [LOG] [Fast Refresh] rebuilding @ http://localhost:3100/_next/static/chunks/node_modules_next_dist_7a8122d0._.js:2287
[  989717ms] [LOG] [Fast Refresh] done in 327ms @ http://localhost:3100/_next/static/chunks/node_modules_next_dist_7a8122d0._.js:2287
[  989809ms] [INFO] %cDownload the React DevTools for a better development experience: https://react.dev/link/react-devtools font-weight:bold @ http://localhost:3100/_next/static/chunks/node_modules_next_dist_7a8122d0._.js:2287
[  989839ms] [LOG] [HMR] connected @ http://localhost:3100/_next/static/chunks/node_modules_next_dist_7a8122d0._.js:2287
[  989931ms] [ERROR] Loading the script 'https://va.vercel-scripts.com/v1/script.debug.js' violates the following Content Security Policy directive: "script-src 'self' 'unsafe-inline' 'unsafe-eval' https://maps.googleapis.com https://maps.gstatic.com". Note that 'script-src-elem' was not explicitly set, so 'script-src' is used as a fallback. The action has been blocked. @ http://localhost:3100/_next/static/chunks/node_modules_19575493._.js:1446
[  990020ms] [WARNING] Image with src "/logo-sm.png" has either width or height modified, but not the other. If you use CSS to change the size of your image, also include the styles 'width: "auto"' or 'height: "auto"' to maintain the aspect ratio. @ http://localhost:3100/_next/static/chunks/node_modules_next_dist_7a8122d0._.js:2287
[  990021ms] [ERROR] Loading the script 'https://va.vercel-scripts.com/v1/speed-insights/script.debug.js' violates the following Content Security Policy directive: "script-src 'self' 'unsafe-inline' 'unsafe-eval' https://maps.googleapis.com https://maps.gstatic.com". Note that 'script-src-elem' was not explicitly set, so 'script-src' is used as a fallback. The action has been blocked. @ http://localhost:3100/_next/static/chunks/node_modules_19575493._.js:3565
[  990022ms] [LOG] [Vercel Web Analytics] Failed to load script from https://va.vercel-scripts.com/v1/script.debug.js. Please check if any ad blockers are enabled and try again. @ http://localhost:3100/_next/static/chunks/node_modules_next_dist_7a8122d0._.js:2287
[  990023ms] [LOG] [Vercel Speed Insights] Failed to load script from https://va.vercel-scripts.com/v1/speed-insights/script.debug.js. Please check if any content blockers are enabled and try again. @ http://localhost:3100/_next/static/chunks/node_modules_next_dist_7a8122d0._.js:2287
[  990386ms] [INFO] %cDownload the React DevTools for a better development experience: https://react.dev/link/react-devtools font-weight:bold @ http://localhost:3100/_next/static/chunks/node_modules_next_dist_7a8122d0._.js:2287
[  990415ms] [LOG] [HMR] connected @ http://localhost:3100/_next/static/chunks/node_modules_next_dist_7a8122d0._.js:2287
[  990499ms] [ERROR] Loading the script 'https://va.vercel-scripts.com/v1/script.debug.js' violates the following Content Security Policy directive: "script-src 'self' 'unsafe-inline' 'unsafe-eval' https://maps.googleapis.com https://maps.gstatic.com". Note that 'script-src-elem' was not explicitly set, so 'script-src' is used as a fallback. The action has been blocked. @ http://localhost:3100/_next/static/chunks/node_modules_19575493._.js:1446
[  990526ms] [WARNING] Image with src "/debbie_headshot.jpg" was detected as the Largest Contentful Paint (LCP). Please add the `loading="eager"` property if this image is above the fold.
Read more: https://nextjs.org/docs/app/api-reference/components/image#loading @ http://localhost:3100/_next/static/chunks/node_modules_next_dist_7a8122d0._.js:2287
[  990557ms] [WARNING] Image with src "/logo-sm.png" has either width or height modified, but not the other. If you use CSS to change the size of your image, also include the styles 'width: "auto"' or 'height: "auto"' to maintain the aspect ratio. @ http://localhost:3100/_next/static/chunks/node_modules_next_dist_7a8122d0._.js:2287
[  990560ms] [ERROR] Loading the script 'https://va.vercel-scripts.com/v1/speed-insights/script.debug.js' violates the following Content Security Policy directive: "script-src 'self' 'unsafe-inline' 'unsafe-eval' https://maps.googleapis.com https://maps.gstatic.com". Note that 'script-src-elem' was not explicitly set, so 'script-src' is used as a fallback. The action has been blocked. @ http://localhost:3100/_next/static/chunks/node_modules_19575493._.js:3565
[  990563ms] [LOG] [Vercel Web Analytics] Failed to load script from https://va.vercel-scripts.com/v1/script.debug.js. Please check if any ad blockers are enabled and try again. @ http://localhost:3100/_next/static/chunks/node_modules_next_dist_7a8122d0._.js:2287
[  990563ms] [LOG] [Vercel Speed Insights] Failed to load script from https://va.vercel-scripts.com/v1/speed-insights/script.debug.js. Please check if any content blockers are enabled and try again. @ http://localhost:3100/_next/static/chunks/node_modules_next_dist_7a8122d0._.js:2287
[  990835ms] [LOG] [Fast Refresh] rebuilding @ http://localhost:3100/_next/static/chunks/node_modules_next_dist_7a8122d0._.js:2287
[  990969ms] [LOG] [Fast Refresh] done in 235ms @ http://localhost:3100/_next/static/chunks/node_modules_next_dist_7a8122d0._.js:2287
[ 1060432ms] [LOG] [Fast Refresh] rebuilding @ http://localhost:3100/_next/static/chunks/node_modules_next_dist_7a8122d0._.js:2287
[ 1060598ms] [LOG] [Fast Refresh] done in 243ms @ http://localhost:3100/_next/static/chunks/node_modules_next_dist_7a8122d0._.js:2287
[ 1062487ms] [LOG] [Fast Refresh] rebuilding @ http://localhost:3100/_next/static/chunks/node_modules_next_dist_7a8122d0._.js:2287
[ 1062961ms] [LOG] [Fast Refresh] done in 249ms @ http://localhost:3100/_next/static/chunks/node_modules_next_dist_7a8122d0._.js:2287
[ 1110970ms] [LOG] [Fast Refresh] rebuilding @ http://localhost:3100/_next/static/chunks/node_modules_next_dist_7a8122d0._.js:2287
[ 1111357ms] [LOG] [Fast Refresh] done in 495ms @ http://localhost:3100/_next/static/chunks/node_modules_next_dist_7a8122d0._.js:2287
[ 1111439ms] [INFO] %cDownload the React DevTools for a better development experience: https://react.dev/link/react-devtools font-weight:bold @ http://localhost:3100/_next/static/chunks/node_modules_next_dist_7a8122d0._.js:2287
[ 1111473ms] [LOG] [HMR] connected @ http://localhost:3100/_next/static/chunks/node_modules_next_dist_7a8122d0._.js:2287
[ 1111508ms] [WARNING] You have Reduced Motion enabled on your device. Animations may not appear as expected.. For more information and steps for solving, visit https://motion.dev/troubleshooting/reduced-motion-disabled @ http://localhost:3100/_next/static/chunks/node_modules_next_dist_7a8122d0._.js:2287
[ 1111592ms] [ERROR] Loading the script 'https://va.vercel-scripts.com/v1/script.debug.js' violates the following Content Security Policy directive: "script-src 'self' 'unsafe-inline' 'unsafe-eval' https://maps.googleapis.com https://maps.gstatic.com". Note that 'script-src-elem' was not explicitly set, so 'script-src' is used as a fallback. The action has been blocked. @ http://localhost:3100/_next/static/chunks/node_modules_19575493._.js:1446
[ 1111678ms] [ERROR] Loading the script 'https://va.vercel-scripts.com/v1/speed-insights/script.debug.js' violates the following Content Security Policy directive: "script-src 'self' 'unsafe-inline' 'unsafe-eval' https://maps.googleapis.com https://maps.gstatic.com". Note that 'script-src-elem' was not explicitly set, so 'script-src' is used as a fallback. The action has been blocked. @ http://localhost:3100/_next/static/chunks/node_modules_19575493._.js:3565
[ 1111680ms] [LOG] [Vercel Web Analytics] Failed to load script from https://va.vercel-scripts.com/v1/script.debug.js. Please check if any ad blockers are enabled and try again. @ http://localhost:3100/_next/static/chunks/node_modules_next_dist_7a8122d0._.js:2287
[ 1111680ms] [LOG] [Vercel Speed Insights] Failed to load script from https://va.vercel-scripts.com/v1/speed-insights/script.debug.js. Please check if any content blockers are enabled and try again. @ http://localhost:3100/_next/static/chunks/node_modules_next_dist_7a8122d0._.js:2287
[ 1123336ms] [LOG] [Fast Refresh] rebuilding @ http://localhost:3100/_next/static/chunks/node_modules_next_dist_7a8122d0._.js:2287
[ 1123343ms] [LOG] [Fast Refresh] done in 113ms @ http://localhost:3100/_next/static/chunks/node_modules_next_dist_7a8122d0._.js:2287
